// Jest Snapshot v1, https://goo.gl/fbAQLP

exports[`should test Header component 1`] = `
<ForwardRef(IonPage)>
  <ForwardRef(IonHeader)>
    <ForwardRef(IonToolbar)>
      <ForwardRef(IonTitle)>
        Hello World2
      </ForwardRef(IonTitle)>
    </ForwardRef(IonToolbar)>
  </ForwardRef(IonHeader)>
  <ForwardRef(IonContent)>
    <ForwardRef(IonGrid)>
      <ForwardRef(IonRow)>
        <ForwardRef(IonCol)>
          <ForwardRef(IonTitle)
            className="colorRojo"
            size="large"
          >
            Hello World46465465465
          </ForwardRef(IonTitle)>
        </ForwardRef(IonCol)>
      </ForwardRef(IonRow)>
    </ForwardRef(IonGrid)>
  </ForwardRef(IonContent)>
</ForwardRef(IonPage)>
`;
